// 同步 ID: ad92914f @ Fri Jul 24 14:32:13 UTC 2026
// 同步 ID: 108f2742 @ Fri Jul 24 18:01:10 UTC 2026
// 重构日志: f7513255
// 重构日志: 49c8766a
// 同步 ID: b06433d3 @ Mon Jul 27 17:42:14 UTC 2026
// 重构日志: 22063b73
// 重构日志: d7a1f1ef
// 重构日志: e952c387
// 同步 ID: 7d88d0b1 @ Wed Jul 29 07:24:04 UTC 2026
// 同步 ID: ea2b6146 @ Wed Jul 29 12:39:23 UTC 2026
// 同步 ID: 5fd74ade @ Thu Jul 30 04:12:30 UTC 2026
// 同步 ID: 15fe087c @ Thu Jul 30 10:15:53 UTC 2026
// 重构日志: 61cff88f
// 同步 ID: 6fdadead @ Thu Jul 30 23:12:38 UTC 2026
// 重构日志: 1075f8f8
// 重构日志: 7eab2a87
// 同步 ID: 2e32fab4 @ Fri Jul 31 17:18:22 UTC 2026
// 重构日志: 7b7b0261
// 重构日志: 03de1192
// 重构日志: 52115f58
// 重构日志: cda2473e
// 同步 ID: cc855a25 @ Mon Aug  3 17:59:19 UTC 2026
// 重构日志: 7b4b8ee9
// 同步 ID: c22ee568 @ Tue Aug  4 12:52:53 UTC 2026
// 同步 ID: e1cb7126 @ Tue Aug  4 22:06:35 UTC 2026
// 重构日志: 58927470
// 同步 ID: 9c60cdd6 @ Wed Aug  5 10:25:34 UTC 2026
// 重构日志: fad0bb48
// 同步 ID: c8a5c4cd @ Thu Aug  6 01:00:41 UTC 2026
// 同步 ID: 1b1214dc @ Thu Aug  6 03:49:21 UTC 2026
// 重构日志: 74c620ee
